 
 gdb a.out
GNU gdb (Ubuntu 8.1.1-0ubuntu1) 8.1.1
Copyright (C) 2018 Free Software Foundation, Inc.
License GPLv3+: GNU GPL version 3 or later <http://gnu.org/licenses/gpl.html>
This is free software: you are free to change and redistribute it.
There is NO WARRANTY, to the extent permitted by law.  Type "show copying"
and "show warranty" for details.
This GDB was configured as "x86_64-linux-gnu".
Type "show configuration" for configuration details.
For bug reporting instructions, please see:
<http://www.gnu.org/software/gdb/bugs/>.
Find the GDB manual and other documentation resources online at:
<http://www.gnu.org/software/gdb/documentation/>.
For help, type "help".
Type "apropos word" to search for commands related to "word"...
Reading symbols from a.out...done.
(gdb) b main
Breakpoint 1 at 0x823: file p2original.c, line 24.
(gdb) r
Starting program: /home/runner/pps-IA1-practice/a.out 
warning: Error disabling address space randomization: Operation not permitted

Breakpoint 1, main () at p2original.c:24
24    x=input();
(gdb) n
enter two number
1 2
25    y=input();
(gdb) 
enter two number
26    z=input();
(gdb) n
enter two number
1 2
27    biggest=cmp(x,y,z);
(gdb) s
cmp (a=1, b=2, c=1) at p2original.c:11
11    if((a>b)&&(a>c))
(gdb) s
 
 gdb a.out
GNU gdb (Ubuntu 8.1.1-0ubuntu1) 8.1.1
Copyright (C) 2018 Free Software Foundation, Inc.
License GPLv3+: GNU GPL version 3 or later <http://gnu.org/licenses/gpl.html>
This is free software: you are free to change and redistribute it.
There is NO WARRANTY, to the extent permitted by law.  Type "show copying"
and "show warranty" for details.
This GDB was configured as "x86_64-linux-gnu".
Type "show configuration" for configuration details.
For bug reporting instructions, please see:
<http://www.gnu.org/software/gdb/bugs/>.
Find the GDB manual and other documentation resources online at:
<http://www.gnu.org/software/gdb/documentation/>.
For help, type "help".
Type "apropos word" to search for commands related to "word"...
Reading symbols from a.out...done.
(gdb) b main
Breakpoint 1 at 0x823: file p2original.c, line 24.
(gdb) r
Starting program: /home/runner/pps-IA1-practice/a.out 
warning: Error disabling address space randomization: Operation not permitted

Breakpoint 1, main () at p2original.c:24
warning: Source file is more recent than executable.
24    x=input();
(gdb) n
enter two number
1 5 9
25    y=input();
(gdb) s
input () at p2original.c:3
3   {
(gdb) n
5     printf("enter three number\n");
(gdb) 
enter two number
6     scanf("%d",&a);
(gdb) n
7     return a;
(gdb) s
8   }
(gdb) n
main () at p2original.c:26
26    z=input();
(gdb) n
enter two number
 
 gdb a.out
GNU gdb (Ubuntu 8.1.1-0ubuntu1) 8.1.1
Copyright (C) 2018 Free Software Foundation, Inc.
License GPLv3+: GNU GPL version 3 or later <http://gnu.org/licenses/gpl.html>
This is free software: you are free to change and redistribute it.
There is NO WARRANTY, to the extent permitted by law.  Type "show copying"
and "show warranty" for details.
This GDB was configured as "x86_64-linux-gnu".
Type "show configuration" for configuration details.
For bug reporting instructions, please see:
<http://www.gnu.org/software/gdb/bugs/>.
Find the GDB manual and other documentation resources online at:
<http://www.gnu.org/software/gdb/documentation/>.
For help, type "help".
Type "apropos word" to search for commands related to "word"...
Reading symbols from a.out...done.
(gdb) b main
Breakpoint 1 at 0x823: file p2original.c, line 24.
(gdb) r
Starting program: /home/runner/pps-IA1-practice/a.out 
warning: Error disabling address space randomization: Operation not permitted

Breakpoint 1, main () at p2original.c:24
warning: Source file is more recent than executable.
24    x=input();
(gdb) n
enter two number
1 5 9
25    y=input();
(gdb) n
enter two number
26    z=input();
(gdb) n
enter two number
27    biggest=cmp(x,y,z);
(gdb) s
cmp (a=1, b=5, c=9) at p2original.c:11
11    if((a>b)&&(a>c))
(gdb) s
13    else if((b>a)&&(b>c))
(gdb) s
16  }
(gdb) n
main () at p2original.c:28
28    output(biggest);
(gdb) n
29    return 0;
(gdb) c
Continuing.
biggest number is 5[Inferior 1 (process 485) exited normally]
(gdb) 
